------------------------------------------------------------
TimeQuest Timing Analyzer Summary
------------------------------------------------------------

Type  : Slow 1200mV 85C Model Setup 'MAX10_CLK1_50'
Slack : -10.022
TNS   : -759.070

Type  : Slow 1200mV 85C Model Hold 'MAX10_CLK1_50'
Slack : 0.309
TNS   : 0.000

Type  : Slow 1200mV 85C Model Minimum Pulse Width 'MAX10_CLK1_50'
Slack : -3.000
TNS   : -196.572

Type  : Slow 1200mV 0C Model Setup 'MAX10_CLK1_50'
Slack : -9.115
TNS   : -684.208

Type  : Slow 1200mV 0C Model Hold 'MAX10_CLK1_50'
Slack : 0.280
TNS   : 0.000

Type  : Slow 1200mV 0C Model Minimum Pulse Width 'MAX10_CLK1_50'
Slack : -3.000
TNS   : -191.276

Type  : Fast 1200mV 0C Model Setup 'MAX10_CLK1_50'
Slack : -4.361
TNS   : -304.784

Type  : Fast 1200mV 0C Model Hold 'MAX10_CLK1_50'
Slack : 0.141
TNS   : 0.000

Type  : Fast 1200mV 0C Model Minimum Pulse Width 'MAX10_CLK1_50'
Slack : -3.000
TNS   : -159.712

------------------------------------------------------------
